// Jest Snapshot v1, https://goo.gl/fbAQLP

exports[`Empty MeasureBlockItem 1`] = `
<div
  className="container"
/>
`;

exports[`Filled MeasureBlockItem 1`] = `
<div
  className="container"
>
  <div
    className="measure-block-item measure-block-item--gray d-flex mt-md-1 justify-content-between row"
  >
    <div
      className="col"
    >
      Name 1
    </div>
    <div
      className="d-flex justify-content-end font-weight-light col"
    >
      text 1
    </div>
  </div>
  <div
    className="measure-block-item measure-block-item--blue d-flex mt-md-1 justify-content-between row"
  >
    <div
      className="col"
    >
      Name 2
    </div>
    <div
      className="d-flex justify-content-end font-weight-light col"
    >
      text 2
    </div>
  </div>
</div>
`;
