// Jest Snapshot v1, https://goo.gl/fbAQLP

exports[`Usual temperature-name mini block 1`] = `
<div
  className="m-0 d-flex justify-content-between align-items-center row"
>
  <div
    className="d-flex pl-0 align-items-center col-md-9"
  >
    <p
      className="city-temperature-mini-block__city-name mr-5 mb-0"
    >
      Moscow
    </p>
    <span
      className="city-temperature-mini-block__temperature mr-1"
    >
      10
      Â°C
    </span>
    <img
      alt="icon"
      height="45"
      src="https://openweathermap.org/img/wn/13d.png"
    />
  </div>
  <div
    className="col"
  />
</div>
`;
