// Jest Snapshot v1, https://goo.gl/fbAQLP

exports[`Usual temperature-name geo block 1`] = `
<div
  className="container"
>
  <div
    className="row"
  >
    <p
      className="city-temperature-geo-block__city-name"
    >
      Moscow
    </p>
  </div>
  <div
    className="row"
  >
    <div
      className="col-md-4"
    >
      <img
        alt="icon"
        className="city-temperature-geo-block__icon"
        src="https://openweathermap.org/img/wn/13d@2x.png"
      />
    </div>
    <div
      className="col"
    >
      <span
        className="city-temperature-geo-block__temperature"
      >
        10
        Â°C
      </span>
    </div>
  </div>
</div>
`;
